[0m18:16:04.071477 [debug] [MainThread]: Sending event: {'category': 'dbt', 'action': 'invocation', 'label': 'start', 'context': [<snowplow_tracker.self_describing_json.SelfDescribingJson object at 0x000001D4399AB690>, <snowplow_tracker.self_describing_json.SelfDescribingJson object at 0x000001D4399A9710>, <snowplow_tracker.self_describing_json.SelfDescribingJson object at 0x000001D4399AB390>]}


============================== 18:16:04.106952 | 095f7a5c-e999-4dfe-ba33-a1142f2f78ab ==============================
[0m18:16:04.106952 [info ] [MainThread]: Running with dbt=1.11.11
[0m18:16:04.108960 [debug] [MainThread]: running dbt with arguments {'static_parser': 'True', 'no_print': 'None', 'version_check': 'True', 'target_path': 'None', 'warn_error_options': 'WarnErrorOptionsV2(error=[], warn=[], silence=[])', 'printer_width': '80', 'write_json': 'True', 'introspect': 'True', 'log_cache_events': 'False', 'empty': 'None', 'cache_selected_only': 'False', 'log_format': 'default', 'debug': 'False', 'fail_fast': 'False', 'partial_parse': 'True', 'send_anonymous_usage_stats': 'True', 'quiet': 'False', 'warn_error': 'None', 'profiles_dir': 'C:\\Users\\chest\\.dbt', 'invocation_command': 'dbt debug', 'use_colors': 'True', 'indirect_selection': 'eager', 'use_experimental_parser': 'False', 'log_path': 'logs'}
[0m18:16:04.146997 [info ] [MainThread]: dbt version: 1.11.11
[0m18:16:04.147994 [info ] [MainThread]: python version: 3.11.9
[0m18:16:04.148997 [info ] [MainThread]: python path: C:\Users\chest\OneDrive\Documents\GitHub\saas-analytics-portfolio\venv\Scripts\python.exe
[0m18:16:04.149994 [info ] [MainThread]: os info: Windows-10-10.0.26200-SP0
[0m18:16:05.374459 [debug] [MainThread]: Snowflake adapter: Setting snowflake.connector to ERROR (file logging only)
[0m18:16:05.376016 [debug] [MainThread]: Snowflake adapter: Setting botocore to ERROR (file logging only)
[0m18:16:05.377018 [debug] [MainThread]: Snowflake adapter: Setting boto3 to ERROR (file logging only)
[0m18:16:05.521713 [info ] [MainThread]: Using profiles dir at C:\Users\chest\.dbt
[0m18:16:05.523768 [info ] [MainThread]: Using profiles.yml file at C:\Users\chest\.dbt\profiles.yml
[0m18:16:05.526292 [info ] [MainThread]: Using dbt_project.yml file at C:\Users\chest\OneDrive\Documents\GitHub\saas-analytics-portfolio\dbt_project.yml
[0m18:16:05.528306 [error] [MainThread]: Encountered an error:
Internal Error
  Profile should not be None if loading profile completed
[0m18:16:05.531861 [debug] [MainThread]: Command `dbt debug` failed at 18:16:05.531861 after 1.68 seconds
[0m18:16:05.533863 [debug] [MainThread]: Sending event: {'category': 'dbt', 'action': 'invocation', 'label': 'end', 'context': [<snowplow_tracker.self_describing_json.SelfDescribingJson object at 0x000001D4399B1690>, <snowplow_tracker.self_describing_json.SelfDescribingJson object at 0x000001D439A85DD0>, <snowplow_tracker.self_describing_json.SelfDescribingJson object at 0x000001D43ABCFF50>]}
[0m18:16:05.535858 [debug] [MainThread]: Flushing usage events
[0m18:16:06.477892 [debug] [MainThread]: An error was encountered while trying to flush usage events
[0m18:22:24.960477 [debug] [MainThread]: Sending event: {'category': 'dbt', 'action': 'invocation', 'label': 'start', 'context': [<snowplow_tracker.self_describing_json.SelfDescribingJson object at 0x000002303D857350>, <snowplow_tracker.self_describing_json.SelfDescribingJson object at 0x000002303D748450>, <snowplow_tracker.self_describing_json.SelfDescribingJson object at 0x000002303D8570D0>]}


============================== 18:22:24.968741 | 88b361ec-7952-40fc-afae-30c572f59ee2 ==============================
[0m18:22:24.968741 [info ] [MainThread]: Running with dbt=1.11.11
[0m18:22:24.969720 [debug] [MainThread]: running dbt with arguments {'static_parser': 'True', 'no_print': 'None', 'version_check': 'True', 'warn_error_options': 'WarnErrorOptionsV2(error=[], warn=[], silence=[])', 'target_path': 'None', 'printer_width': '80', 'write_json': 'True', 'introspect': 'True', 'log_cache_events': 'False', 'empty': 'None', 'cache_selected_only': 'False', 'log_format': 'default', 'debug': 'False', 'fail_fast': 'False', 'profiles_dir': 'C:\\Users\\chest\\.dbt', 'send_anonymous_usage_stats': 'True', 'quiet': 'False', 'warn_error': 'None', 'partial_parse': 'True', 'invocation_command': 'dbt debug', 'use_colors': 'True', 'indirect_selection': 'eager', 'use_experimental_parser': 'False', 'log_path': 'logs'}
[0m18:22:24.999189 [info ] [MainThread]: dbt version: 1.11.11
[0m18:22:25.000206 [info ] [MainThread]: python version: 3.11.9
[0m18:22:25.001187 [info ] [MainThread]: python path: C:\Users\chest\OneDrive\Documents\GitHub\saas-analytics-portfolio\venv\Scripts\python.exe
[0m18:22:25.001705 [info ] [MainThread]: os info: Windows-10-10.0.26200-SP0
[0m18:22:25.717044 [debug] [MainThread]: Snowflake adapter: Setting snowflake.connector to ERROR (file logging only)
[0m18:22:25.718067 [debug] [MainThread]: Snowflake adapter: Setting botocore to ERROR (file logging only)
[0m18:22:25.719148 [debug] [MainThread]: Snowflake adapter: Setting boto3 to ERROR (file logging only)
[0m18:22:25.834474 [info ] [MainThread]: Using profiles dir at C:\Users\chest\.dbt
[0m18:22:25.835479 [info ] [MainThread]: Using profiles.yml file at C:\Users\chest\.dbt\profiles.yml
[0m18:22:25.836479 [info ] [MainThread]: Using dbt_project.yml file at C:\Users\chest\OneDrive\Documents\GitHub\saas-analytics-portfolio\dbt_project.yml
[0m18:22:25.838481 [info ] [MainThread]: adapter type: snowflake
[0m18:22:25.839482 [info ] [MainThread]: adapter version: 1.11.5
[0m18:22:25.842011 [info ] [MainThread]: Configuration:
[0m18:22:25.843004 [info ] [MainThread]:   profiles.yml file [[32mOK found and valid[0m]
[0m18:22:25.844012 [info ] [MainThread]:   dbt_project.yml file [[31mERROR not found[0m]
[0m18:22:25.846540 [info ] [MainThread]: Required dependencies:
[0m18:22:25.846540 [debug] [MainThread]: Executing "git --help"
[0m18:22:25.936716 [debug] [MainThread]: STDOUT: "b"usage: git [-v | --version] [-h | --help] [-C <path>] [-c <name>=<value>]\n           [--exec-path[=<path>]] [--html-path] [--man-path] [--info-path]\n           [-p | --paginate | -P | --no-pager] [--no-replace-objects] [--no-lazy-fetch]\n           [--no-optional-locks] [--no-advice] [--bare] [--git-dir=<path>]\n           [--work-tree=<path>] [--namespace=<name>] [--config-env=<name>=<envvar>]\n           <command> [<args>]\n\nThese are common Git commands used in various situations:\n\nstart a working area (see also: git help tutorial)\n   clone      Clone a repository into a new directory\n   init       Create an empty Git repository or reinitialize an existing one\n\nwork on the current change (see also: git help everyday)\n   add        Add file contents to the index\n   mv         Move or rename a file, a directory, or a symlink\n   restore    Restore working tree files\n   rm         Remove files from the working tree and from the index\n\nexamine the history and state (see also: git help revisions)\n   bisect     Use binary search to find the commit that introduced a bug\n   diff       Show changes between commits, commit and working tree, etc\n   grep       Print lines matching a pattern\n   log        Show commit logs\n   show       Show various types of objects\n   status     Show the working tree status\n\ngrow, mark and tweak your common history\n   backfill   Download missing objects in a partial clone\n   branch     List, create, or delete branches\n   commit     Record changes to the repository\n   merge      Join two or more development histories together\n   rebase     Reapply commits on top of another base tip\n   reset      Reset current HEAD to the specified state\n   switch     Switch branches\n   tag        Create, list, delete or verify a tag object signed with GPG\n\ncollaborate (see also: git help workflows)\n   fetch      Download objects and refs from another repository\n   pull       Fetch from and integrate with another repository or a local branch\n   push       Update remote refs along with associated objects\n\n'git help -a' and 'git help -g' list available subcommands and some\nconcept guides. See 'git help <command>' or 'git help <concept>'\nto read about a specific subcommand or concept.\nSee 'git help git' for an overview of the system.\n""
[0m18:22:25.937713 [debug] [MainThread]: STDERR: "b''"
[0m18:22:25.940165 [info ] [MainThread]:  - git [[32mOK found[0m]

[0m18:22:25.941710 [info ] [MainThread]: Connection:
[0m18:22:25.944245 [info ] [MainThread]:   account: FSEVUQW-JL24478
[0m18:22:25.945253 [info ] [MainThread]:   user: DBT_USER
[0m18:22:25.946784 [info ] [MainThread]:   database: SAAS_ANALYTICS
[0m18:22:25.948677 [info ] [MainThread]:   warehouse: ANALYTICS_WH
[0m18:22:25.949692 [info ] [MainThread]:   role: DBT_ROLE
[0m18:22:25.951267 [info ] [MainThread]:   schema: STAGING
[0m18:22:25.953804 [info ] [MainThread]:   authenticator: None
[0m18:22:25.956348 [info ] [MainThread]:   oauth_client_id: None
[0m18:22:25.958346 [info ] [MainThread]:   query_tag: None
[0m18:22:25.960871 [info ] [MainThread]:   client_session_keep_alive: False
[0m18:22:25.963904 [info ] [MainThread]:   host: None
[0m18:22:25.966449 [info ] [MainThread]:   port: None
[0m18:22:25.967452 [info ] [MainThread]:   proxy_host: None
[0m18:22:25.968451 [info ] [MainThread]:   proxy_port: None
[0m18:22:25.969466 [info ] [MainThread]:   protocol: None
[0m18:22:25.970971 [info ] [MainThread]:   connect_retries: 1
[0m18:22:25.971992 [info ] [MainThread]:   connect_timeout: None
[0m18:22:25.972997 [info ] [MainThread]:   retry_on_database_errors: False
[0m18:22:25.974095 [info ] [MainThread]:   retry_all: False
[0m18:22:25.976638 [info ] [MainThread]:   insecure_mode: False
[0m18:22:25.980822 [info ] [MainThread]:   reuse_connections: True
[0m18:22:25.985159 [info ] [MainThread]:   s3_stage_vpce_dns_name: None
[0m18:22:25.986192 [info ] [MainThread]:   platform_detection_timeout_seconds: 0.0
[0m18:22:25.987185 [info ] [MainThread]: Registered adapter: snowflake=1.11.5
[0m18:22:26.451046 [debug] [MainThread]: Acquiring new snowflake connection 'debug'
[0m18:22:35.259121 [debug] [MainThread]: Using snowflake connection "debug"
[0m18:22:35.260635 [debug] [MainThread]: On debug: select 1 as id
[0m18:22:35.263181 [debug] [MainThread]: Opening a new connection, currently in state init
[0m18:22:37.056599 [debug] [MainThread]: Snowflake adapter: Error running SQL: select 1 as id
[0m18:22:37.058589 [debug] [MainThread]: Snowflake adapter: Rolling back transaction.
[0m18:22:37.059587 [info ] [MainThread]:   Connection test: [[31mERROR[0m]

[0m18:22:37.061098 [info ] [MainThread]: [31m2 checks failed:[0m
[0m18:22:37.062636 [info ] [MainThread]: Project loading failed for the following reason:
 project path <C:\Users\chest\OneDrive\Documents\GitHub\saas-analytics-portfolio\dbt_project.yml> not found

[0m18:22:37.065201 [info ] [MainThread]: dbt was unable to connect to the specified database.
The database returned the following error:

  >Database Error
  250001 (08001): Failed to connect to DB: FSEVUQW-JL24478.snowflakecomputing.com:443. Incorrect username or password was specified.

Check your database credentials and try again. For more information, visit:
https://docs.getdbt.com/docs/configure-your-profile


[0m18:22:37.068212 [debug] [MainThread]: Command `dbt debug` failed at 18:22:37.068212 after 12.31 seconds
[0m18:22:37.069232 [debug] [MainThread]: Connection 'debug' was left open.
[0m18:22:37.070210 [debug] [MainThread]: On debug: No close available on handle
[0m18:22:37.071210 [debug] [MainThread]: Sending event: {'category': 'dbt', 'action': 'invocation', 'label': 'end', 'context': [<snowplow_tracker.self_describing_json.SelfDescribingJson object at 0x000002303D74C390>, <snowplow_tracker.self_describing_json.SelfDescribingJson object at 0x000002303D82D910>, <snowplow_tracker.self_describing_json.SelfDescribingJson object at 0x000002303FC60A50>]}
[0m18:22:37.071722 [debug] [MainThread]: Flushing usage events
[0m18:22:37.968557 [debug] [MainThread]: An error was encountered while trying to flush usage events
[0m18:23:15.843219 [debug] [MainThread]: Sending event: {'category': 'dbt', 'action': 'invocation', 'label': 'start', 'context': [<snowplow_tracker.self_describing_json.SelfDescribingJson object at 0x000001AED6317F90>, <snowplow_tracker.self_describing_json.SelfDescribingJson object at 0x000001AED62AF990>, <snowplow_tracker.self_describing_json.SelfDescribingJson object at 0x000001AED63178D0>]}


============================== 18:23:15.849608 | 335bfaf2-928f-496c-83d1-0fa960b25686 ==============================
[0m18:23:15.849608 [info ] [MainThread]: Running with dbt=1.11.11
[0m18:23:15.851164 [debug] [MainThread]: running dbt with arguments {'static_parser': 'True', 'no_print': 'None', 'version_check': 'True', 'warn_error_options': 'WarnErrorOptionsV2(error=[], warn=[], silence=[])', 'target_path': 'None', 'printer_width': '80', 'write_json': 'True', 'empty': 'None', 'log_cache_events': 'False', 'introspect': 'True', 'cache_selected_only': 'False', 'log_format': 'default', 'debug': 'False', 'fail_fast': 'False', 'profiles_dir': 'C:\\Users\\chest\\.dbt', 'send_anonymous_usage_stats': 'True', 'quiet': 'False', 'warn_error': 'None', 'partial_parse': 'True', 'use_colors': 'True', 'indirect_selection': 'eager', 'invocation_command': 'dbt debug', 'use_experimental_parser': 'False', 'log_path': 'logs'}
[0m18:23:15.888913 [info ] [MainThread]: dbt version: 1.11.11
[0m18:23:15.889913 [info ] [MainThread]: python version: 3.11.9
[0m18:23:15.890907 [info ] [MainThread]: python path: C:\Users\chest\OneDrive\Documents\GitHub\saas-analytics-portfolio\venv\Scripts\python.exe
[0m18:23:15.890907 [info ] [MainThread]: os info: Windows-10-10.0.26200-SP0
[0m18:23:16.538743 [debug] [MainThread]: Snowflake adapter: Setting snowflake.connector to ERROR (file logging only)
[0m18:23:16.538743 [debug] [MainThread]: Snowflake adapter: Setting botocore to ERROR (file logging only)
[0m18:23:16.539729 [debug] [MainThread]: Snowflake adapter: Setting boto3 to ERROR (file logging only)
[0m18:23:16.620056 [info ] [MainThread]: Using profiles dir at C:\Users\chest\.dbt
[0m18:23:16.621633 [info ] [MainThread]: Using profiles.yml file at C:\Users\chest\.dbt\profiles.yml
[0m18:23:16.621633 [info ] [MainThread]: Using dbt_project.yml file at C:\Users\chest\OneDrive\Documents\GitHub\saas-analytics-portfolio\dbt_project.yml
[0m18:23:16.623153 [info ] [MainThread]: adapter type: snowflake
[0m18:23:16.624684 [info ] [MainThread]: adapter version: 1.11.5
[0m18:23:16.625711 [info ] [MainThread]: Configuration:
[0m18:23:16.625711 [info ] [MainThread]:   profiles.yml file [[32mOK found and valid[0m]
[0m18:23:16.626710 [info ] [MainThread]:   dbt_project.yml file [[31mERROR not found[0m]
[0m18:23:16.628097 [info ] [MainThread]: Required dependencies:
[0m18:23:16.629175 [debug] [MainThread]: Executing "git --help"
[0m18:23:16.708277 [debug] [MainThread]: STDOUT: "b"usage: git [-v | --version] [-h | --help] [-C <path>] [-c <name>=<value>]\n           [--exec-path[=<path>]] [--html-path] [--man-path] [--info-path]\n           [-p | --paginate | -P | --no-pager] [--no-replace-objects] [--no-lazy-fetch]\n           [--no-optional-locks] [--no-advice] [--bare] [--git-dir=<path>]\n           [--work-tree=<path>] [--namespace=<name>] [--config-env=<name>=<envvar>]\n           <command> [<args>]\n\nThese are common Git commands used in various situations:\n\nstart a working area (see also: git help tutorial)\n   clone      Clone a repository into a new directory\n   init       Create an empty Git repository or reinitialize an existing one\n\nwork on the current change (see also: git help everyday)\n   add        Add file contents to the index\n   mv         Move or rename a file, a directory, or a symlink\n   restore    Restore working tree files\n   rm         Remove files from the working tree and from the index\n\nexamine the history and state (see also: git help revisions)\n   bisect     Use binary search to find the commit that introduced a bug\n   diff       Show changes between commits, commit and working tree, etc\n   grep       Print lines matching a pattern\n   log        Show commit logs\n   show       Show various types of objects\n   status     Show the working tree status\n\ngrow, mark and tweak your common history\n   backfill   Download missing objects in a partial clone\n   branch     List, create, or delete branches\n   commit     Record changes to the repository\n   merge      Join two or more development histories together\n   rebase     Reapply commits on top of another base tip\n   reset      Reset current HEAD to the specified state\n   switch     Switch branches\n   tag        Create, list, delete or verify a tag object signed with GPG\n\ncollaborate (see also: git help workflows)\n   fetch      Download objects and refs from another repository\n   pull       Fetch from and integrate with another repository or a local branch\n   push       Update remote refs along with associated objects\n\n'git help -a' and 'git help -g' list available subcommands and some\nconcept guides. See 'git help <command>' or 'git help <concept>'\nto read about a specific subcommand or concept.\nSee 'git help git' for an overview of the system.\n""
[0m18:23:16.709282 [debug] [MainThread]: STDERR: "b''"
[0m18:23:16.709282 [info ] [MainThread]:  - git [[32mOK found[0m]

[0m18:23:16.710802 [info ] [MainThread]: Connection:
[0m18:23:16.713826 [info ] [MainThread]:   account: FSEVUQW-JL24478
[0m18:23:16.715361 [info ] [MainThread]:   user: DBT_USER
[0m18:23:16.717394 [info ] [MainThread]:   database: SAAS_ANALYTICS
[0m18:23:16.719389 [info ] [MainThread]:   warehouse: ANALYTICS_WH
[0m18:23:16.720945 [info ] [MainThread]:   role: DBT_ROLE
[0m18:23:16.721961 [info ] [MainThread]:   schema: STAGING
[0m18:23:16.725019 [info ] [MainThread]:   authenticator: None
[0m18:23:16.726011 [info ] [MainThread]:   oauth_client_id: None
[0m18:23:16.727007 [info ] [MainThread]:   query_tag: None
[0m18:23:16.728007 [info ] [MainThread]:   client_session_keep_alive: False
[0m18:23:16.730019 [info ] [MainThread]:   host: None
[0m18:23:16.733055 [info ] [MainThread]:   port: None
[0m18:23:16.735306 [info ] [MainThread]:   proxy_host: None
[0m18:23:16.738336 [info ] [MainThread]:   proxy_port: None
[0m18:23:16.739329 [info ] [MainThread]:   protocol: None
[0m18:23:16.741863 [info ] [MainThread]:   connect_retries: 1
[0m18:23:16.743884 [info ] [MainThread]:   connect_timeout: None
[0m18:23:16.747072 [info ] [MainThread]:   retry_on_database_errors: False
[0m18:23:16.750072 [info ] [MainThread]:   retry_all: False
[0m18:23:16.752921 [info ] [MainThread]:   insecure_mode: False
[0m18:23:16.755496 [info ] [MainThread]:   reuse_connections: True
[0m18:23:16.757521 [info ] [MainThread]:   s3_stage_vpce_dns_name: None
[0m18:23:16.759527 [info ] [MainThread]:   platform_detection_timeout_seconds: 0.0
[0m18:23:16.762065 [info ] [MainThread]: Registered adapter: snowflake=1.11.5
[0m18:23:17.312213 [debug] [MainThread]: Acquiring new snowflake connection 'debug'
[0m18:23:17.469586 [debug] [MainThread]: Using snowflake connection "debug"
[0m18:23:17.471098 [debug] [MainThread]: On debug: select 1 as id
[0m18:23:17.472112 [debug] [MainThread]: Opening a new connection, currently in state init
[0m18:23:18.357183 [debug] [MainThread]: Snowflake adapter: Error running SQL: select 1 as id
[0m18:23:18.358184 [debug] [MainThread]: Snowflake adapter: Rolling back transaction.
[0m18:23:18.359183 [info ] [MainThread]:   Connection test: [[31mERROR[0m]

[0m18:23:18.360173 [info ] [MainThread]: [31m2 checks failed:[0m
[0m18:23:18.361191 [info ] [MainThread]: Project loading failed for the following reason:
 project path <C:\Users\chest\OneDrive\Documents\GitHub\saas-analytics-portfolio\dbt_project.yml> not found

[0m18:23:18.362467 [info ] [MainThread]: dbt was unable to connect to the specified database.
The database returned the following error:

  >Database Error
  250001 (08001): Failed to connect to DB: FSEVUQW-JL24478.snowflakecomputing.com:443. Incorrect username or password was specified.

Check your database credentials and try again. For more information, visit:
https://docs.getdbt.com/docs/configure-your-profile


[0m18:23:18.365991 [debug] [MainThread]: Command `dbt debug` failed at 18:23:18.365991 after 2.71 seconds
[0m18:23:18.367007 [debug] [MainThread]: Connection 'debug' was left open.
[0m18:23:18.368006 [debug] [MainThread]: On debug: No close available on handle
[0m18:23:18.368989 [debug] [MainThread]: Sending event: {'category': 'dbt', 'action': 'invocation', 'label': 'end', 'context': [<snowplow_tracker.self_describing_json.SelfDescribingJson object at 0x000001AECE6D3050>, <snowplow_tracker.self_describing_json.SelfDescribingJson object at 0x000001AECE6D3150>, <snowplow_tracker.self_describing_json.SelfDescribingJson object at 0x000001AED62BCE90>]}
[0m18:23:18.370988 [debug] [MainThread]: Flushing usage events
[0m18:23:19.079214 [debug] [MainThread]: An error was encountered while trying to flush usage events
[0m22:10:00.966567 [debug] [MainThread]: Sending event: {'category': 'dbt', 'action': 'invocation', 'label': 'start', 'context': [<snowplow_tracker.self_describing_json.SelfDescribingJson object at 0x00000251FA524B90>, <snowplow_tracker.self_describing_json.SelfDescribingJson object at 0x00000251F9589090>, <snowplow_tracker.self_describing_json.SelfDescribingJson object at 0x00000251FA60D990>]}


============================== 22:10:00.977673 | b5ba8884-9c24-409e-ac27-cd63d718a4a0 ==============================
[0m22:10:00.977673 [info ] [MainThread]: Running with dbt=1.11.11
[0m22:10:00.980434 [debug] [MainThread]: running dbt with arguments {'version_check': 'True', 'no_print': 'None', 'static_parser': 'True', 'warn_error_options': 'WarnErrorOptionsV2(error=[], warn=[], silence=[])', 'target_path': 'None', 'printer_width': '80', 'write_json': 'True', 'empty': 'None', 'log_cache_events': 'False', 'introspect': 'True', 'cache_selected_only': 'False', 'fail_fast': 'False', 'debug': 'False', 'log_format': 'default', 'profiles_dir': 'C:\\Users\\chest\\.dbt', 'send_anonymous_usage_stats': 'True', 'quiet': 'False', 'warn_error': 'None', 'partial_parse': 'True', 'indirect_selection': 'eager', 'use_colors': 'True', 'invocation_command': 'dbt debug', 'use_experimental_parser': 'False', 'log_path': 'logs'}
[0m22:10:01.030115 [info ] [MainThread]: dbt version: 1.11.11
[0m22:10:01.035890 [info ] [MainThread]: python version: 3.11.9
[0m22:10:01.035890 [info ] [MainThread]: python path: C:\Users\chest\OneDrive\Documents\GitHub\saas-analytics-portfolio\venv\Scripts\python.exe
[0m22:10:01.035890 [info ] [MainThread]: os info: Windows-10-10.0.26200-SP0
[0m22:10:02.023372 [debug] [MainThread]: Snowflake adapter: Setting snowflake.connector to ERROR (file logging only)
[0m22:10:02.023372 [debug] [MainThread]: Snowflake adapter: Setting botocore to ERROR (file logging only)
[0m22:10:02.025122 [debug] [MainThread]: Snowflake adapter: Setting boto3 to ERROR (file logging only)
[0m22:10:02.124855 [info ] [MainThread]: Using profiles dir at C:\Users\chest\.dbt
[0m22:10:02.125857 [info ] [MainThread]: Using profiles.yml file at C:\Users\chest\.dbt\profiles.yml
[0m22:10:02.126856 [info ] [MainThread]: Using dbt_project.yml file at C:\Users\chest\OneDrive\Documents\GitHub\saas-analytics-portfolio\dbt_project.yml
[0m22:10:02.129013 [info ] [MainThread]: adapter type: snowflake
[0m22:10:02.130036 [info ] [MainThread]: adapter version: 1.11.5
[0m22:10:02.130969 [info ] [MainThread]: Configuration:
[0m22:10:02.130969 [info ] [MainThread]:   profiles.yml file [[32mOK found and valid[0m]
[0m22:10:02.130969 [info ] [MainThread]:   dbt_project.yml file [[31mERROR not found[0m]
[0m22:10:02.130969 [info ] [MainThread]: Required dependencies:
[0m22:10:02.130969 [debug] [MainThread]: Executing "git --help"
[0m22:10:02.229886 [debug] [MainThread]: STDOUT: "b"usage: git [-v | --version] [-h | --help] [-C <path>] [-c <name>=<value>]\n           [--exec-path[=<path>]] [--html-path] [--man-path] [--info-path]\n           [-p | --paginate | -P | --no-pager] [--no-replace-objects] [--no-lazy-fetch]\n           [--no-optional-locks] [--no-advice] [--bare] [--git-dir=<path>]\n           [--work-tree=<path>] [--namespace=<name>] [--config-env=<name>=<envvar>]\n           <command> [<args>]\n\nThese are common Git commands used in various situations:\n\nstart a working area (see also: git help tutorial)\n   clone      Clone a repository into a new directory\n   init       Create an empty Git repository or reinitialize an existing one\n\nwork on the current change (see also: git help everyday)\n   add        Add file contents to the index\n   mv         Move or rename a file, a directory, or a symlink\n   restore    Restore working tree files\n   rm         Remove files from the working tree and from the index\n\nexamine the history and state (see also: git help revisions)\n   bisect     Use binary search to find the commit that introduced a bug\n   diff       Show changes between commits, commit and working tree, etc\n   grep       Print lines matching a pattern\n   log        Show commit logs\n   show       Show various types of objects\n   status     Show the working tree status\n\ngrow, mark and tweak your common history\n   backfill   Download missing objects in a partial clone\n   branch     List, create, or delete branches\n   commit     Record changes to the repository\n   merge      Join two or more development histories together\n   rebase     Reapply commits on top of another base tip\n   reset      Reset current HEAD to the specified state\n   switch     Switch branches\n   tag        Create, list, delete or verify a tag object signed with GPG\n\ncollaborate (see also: git help workflows)\n   fetch      Download objects and refs from another repository\n   pull       Fetch from and integrate with another repository or a local branch\n   push       Update remote refs along with associated objects\n\n'git help -a' and 'git help -g' list available subcommands and some\nconcept guides. See 'git help <command>' or 'git help <concept>'\nto read about a specific subcommand or concept.\nSee 'git help git' for an overview of the system.\n""
[0m22:10:02.229886 [debug] [MainThread]: STDERR: "b''"
[0m22:10:02.231748 [info ] [MainThread]:  - git [[32mOK found[0m]

[0m22:10:02.233897 [info ] [MainThread]: Connection:
[0m22:10:02.233897 [info ] [MainThread]:   account: FSEVUQW-JL24478
[0m22:10:02.233897 [info ] [MainThread]:   user: DBT_USER
[0m22:10:02.233897 [info ] [MainThread]:   database: SAAS_ANALYTICS
[0m22:10:02.233897 [info ] [MainThread]:   warehouse: ANALYTICS_WH
[0m22:10:02.233897 [info ] [MainThread]:   role: DBT_ROLE
[0m22:10:02.240792 [info ] [MainThread]:   schema: STAGING
[0m22:10:02.242854 [info ] [MainThread]:   authenticator: None
[0m22:10:02.244875 [info ] [MainThread]:   oauth_client_id: None
[0m22:10:02.245950 [info ] [MainThread]:   query_tag: None
[0m22:10:02.246809 [info ] [MainThread]:   client_session_keep_alive: False
[0m22:10:02.247881 [info ] [MainThread]:   host: None
[0m22:10:02.248943 [info ] [MainThread]:   port: None
[0m22:10:02.250514 [info ] [MainThread]:   proxy_host: None
[0m22:10:02.250514 [info ] [MainThread]:   proxy_port: None
[0m22:10:02.251545 [info ] [MainThread]:   protocol: None
[0m22:10:02.252516 [info ] [MainThread]:   connect_retries: 1
[0m22:10:02.252516 [info ] [MainThread]:   connect_timeout: None
[0m22:10:02.254029 [info ] [MainThread]:   retry_on_database_errors: False
[0m22:10:02.255203 [info ] [MainThread]:   retry_all: False
[0m22:10:02.256092 [info ] [MainThread]:   insecure_mode: False
[0m22:10:02.256092 [info ] [MainThread]:   reuse_connections: True
[0m22:10:02.257059 [info ] [MainThread]:   s3_stage_vpce_dns_name: None
[0m22:10:02.258115 [info ] [MainThread]:   platform_detection_timeout_seconds: 0.0
[0m22:10:02.260270 [info ] [MainThread]: Registered adapter: snowflake=1.11.5
[0m22:10:02.946601 [debug] [MainThread]: Acquiring new snowflake connection 'debug'
[0m22:10:09.351930 [debug] [MainThread]: Using snowflake connection "debug"
[0m22:10:09.354854 [debug] [MainThread]: On debug: select 1 as id
[0m22:10:09.356875 [debug] [MainThread]: Opening a new connection, currently in state init
[0m22:10:12.220263 [debug] [MainThread]: SQL status: SUCCESS 1 in 2.863 seconds
[0m22:10:12.221789 [info ] [MainThread]:   Connection test: [[32mOK connection ok[0m]

[0m22:10:12.223809 [info ] [MainThread]: [31m1 check failed:[0m
[0m22:10:12.223809 [info ] [MainThread]: Project loading failed for the following reason:
 project path <C:\Users\chest\OneDrive\Documents\GitHub\saas-analytics-portfolio\dbt_project.yml> not found

[0m22:10:12.226420 [debug] [MainThread]: Command `dbt debug` failed at 22:10:12.226420 after 11.48 seconds
[0m22:10:12.228436 [debug] [MainThread]: Connection 'debug' was left open.
[0m22:10:12.228436 [debug] [MainThread]: On debug: Close
[0m22:10:12.430616 [debug] [MainThread]: Sending event: {'category': 'dbt', 'action': 'invocation', 'label': 'end', 'context': [<snowplow_tracker.self_describing_json.SelfDescribingJson object at 0x00000251FC764050>, <snowplow_tracker.self_describing_json.SelfDescribingJson object at 0x00000251FB7B3050>, <snowplow_tracker.self_describing_json.SelfDescribingJson object at 0x00000251FC432590>]}
[0m22:10:12.432101 [debug] [MainThread]: Flushing usage events
[0m22:10:13.311585 [debug] [MainThread]: An error was encountered while trying to flush usage events
[0m22:12:43.533762 [debug] [MainThread]: Sending event: {'category': 'dbt', 'action': 'invocation', 'label': 'start', 'context': [<snowplow_tracker.self_describing_json.SelfDescribingJson object at 0x0000029A52C6FA50>, <snowplow_tracker.self_describing_json.SelfDescribingJson object at 0x0000029A52B9DAD0>, <snowplow_tracker.self_describing_json.SelfDescribingJson object at 0x0000029A52BC8B50>]}


============================== 22:12:43.542521 | 1269f99f-28ce-4e18-8e6d-8cca9961b12a ==============================
[0m22:12:43.542521 [info ] [MainThread]: Running with dbt=1.11.11
[0m22:12:43.542521 [debug] [MainThread]: running dbt with arguments {'static_parser': 'True', 'no_print': 'None', 'version_check': 'True', 'warn_error_options': 'WarnErrorOptionsV2(error=[], warn=[], silence=[])', 'target_path': 'None', 'printer_width': '80', 'write_json': 'True', 'empty': 'None', 'log_cache_events': 'False', 'introspect': 'True', 'cache_selected_only': 'False', 'fail_fast': 'False', 'debug': 'False', 'log_format': 'default', 'partial_parse': 'True', 'send_anonymous_usage_stats': 'True', 'quiet': 'False', 'warn_error': 'None', 'profiles_dir': 'C:\\Users\\chest\\.dbt', 'use_colors': 'True', 'indirect_selection': 'eager', 'invocation_command': 'dbt init saas_analytics', 'use_experimental_parser': 'False', 'log_path': 'logs'}
[0m22:12:43.573499 [debug] [MainThread]: Starter project path: C:\Users\chest\OneDrive\Documents\GitHub\saas-analytics-portfolio\venv\Lib\site-packages\dbt\include\starter_project
[0m22:12:43.756972 [info ] [MainThread]: 
Your new dbt project "saas_analytics" was created!

For more information on how to configure the profiles.yml file,
please consult the dbt documentation here:

  https://docs.getdbt.com/docs/configure-your-profile

One more thing:

Need help? Don't hesitate to reach out to us via GitHub issues or on Slack:

  https://community.getdbt.com/

Happy modeling!

[0m22:12:43.759435 [info ] [MainThread]: Setting up your profile.
[0m22:13:31.318122 [debug] [MainThread]: Snowflake adapter: Setting snowflake.connector to ERROR (file logging only)
[0m22:13:31.318122 [debug] [MainThread]: Snowflake adapter: Setting botocore to ERROR (file logging only)
[0m22:13:31.320131 [debug] [MainThread]: Snowflake adapter: Setting boto3 to ERROR (file logging only)
[0m22:15:35.325432 [info ] [MainThread]: Profile saas_analytics written to C:\Users\chest\.dbt\profiles.yml using target's profile_template.yml and your supplied values. Run 'dbt debug' to validate the connection.
[0m22:15:35.327976 [debug] [MainThread]: Command `dbt init` succeeded at 22:15:35.327976 after 171.93 seconds
[0m22:15:35.328997 [debug] [MainThread]: Sending event: {'category': 'dbt', 'action': 'invocation', 'label': 'end', 'context': [<snowplow_tracker.self_describing_json.SelfDescribingJson object at 0x0000029A4C1036D0>, <snowplow_tracker.self_describing_json.SelfDescribingJson object at 0x0000029A52CFFFD0>, <snowplow_tracker.self_describing_json.SelfDescribingJson object at 0x0000029A52A16E10>]}
[0m22:15:35.331909 [debug] [MainThread]: Flushing usage events
[0m22:15:36.334806 [debug] [MainThread]: An error was encountered while trying to flush usage events
[0m22:15:48.301483 [debug] [MainThread]: Sending event: {'category': 'dbt', 'action': 'invocation', 'label': 'start', 'context': [<snowplow_tracker.self_describing_json.SelfDescribingJson object at 0x000001DA09427710>, <snowplow_tracker.self_describing_json.SelfDescribingJson object at 0x000001DA09314C10>, <snowplow_tracker.self_describing_json.SelfDescribingJson object at 0x000001DA093FDB50>]}


============================== 22:15:48.303569 | c9c9fc8d-21ef-4b64-85c1-48233b04c153 ==============================
[0m22:15:48.303569 [info ] [MainThread]: Running with dbt=1.11.11
[0m22:15:48.303569 [debug] [MainThread]: running dbt with arguments {'static_parser': 'True', 'no_print': 'None', 'version_check': 'True', 'target_path': 'None', 'warn_error_options': 'WarnErrorOptionsV2(error=[], warn=[], silence=[])', 'printer_width': '80', 'write_json': 'True', 'introspect': 'True', 'log_cache_events': 'False', 'empty': 'None', 'cache_selected_only': 'False', 'log_format': 'default', 'debug': 'False', 'fail_fast': 'False', 'profiles_dir': 'C:\\Users\\chest\\.dbt', 'send_anonymous_usage_stats': 'True', 'quiet': 'False', 'warn_error': 'None', 'partial_parse': 'True', 'indirect_selection': 'eager', 'invocation_command': 'dbt debug', 'use_colors': 'True', 'use_experimental_parser': 'False', 'log_path': 'logs'}
[0m22:15:48.330399 [info ] [MainThread]: dbt version: 1.11.11
[0m22:15:48.332362 [info ] [MainThread]: python version: 3.11.9
[0m22:15:48.333487 [info ] [MainThread]: python path: C:\Users\chest\OneDrive\Documents\GitHub\saas-analytics-portfolio\venv\Scripts\python.exe
[0m22:15:48.333487 [info ] [MainThread]: os info: Windows-10-10.0.26200-SP0
[0m22:15:48.834284 [debug] [MainThread]: Snowflake adapter: Setting snowflake.connector to ERROR (file logging only)
[0m22:15:48.834284 [debug] [MainThread]: Snowflake adapter: Setting botocore to ERROR (file logging only)
[0m22:15:48.834284 [debug] [MainThread]: Snowflake adapter: Setting boto3 to ERROR (file logging only)
[0m22:15:48.915247 [info ] [MainThread]: Using profiles dir at C:\Users\chest\.dbt
[0m22:15:48.916458 [info ] [MainThread]: Using profiles.yml file at C:\Users\chest\.dbt\profiles.yml
[0m22:15:48.916458 [info ] [MainThread]: Using dbt_project.yml file at C:\Users\chest\OneDrive\Documents\GitHub\saas-analytics-portfolio\dbt_project.yml
[0m22:15:48.921744 [info ] [MainThread]: adapter type: snowflake
[0m22:15:48.921744 [info ] [MainThread]: adapter version: 1.11.5
[0m22:15:48.923844 [info ] [MainThread]: Configuration:
[0m22:15:48.923844 [info ] [MainThread]:   profiles.yml file [[32mOK found and valid[0m]
[0m22:15:48.927324 [info ] [MainThread]:   dbt_project.yml file [[31mERROR not found[0m]
[0m22:15:48.927324 [info ] [MainThread]: Required dependencies:
[0m22:15:48.927324 [debug] [MainThread]: Executing "git --help"
[0m22:15:49.004137 [debug] [MainThread]: STDOUT: "b"usage: git [-v | --version] [-h | --help] [-C <path>] [-c <name>=<value>]\n           [--exec-path[=<path>]] [--html-path] [--man-path] [--info-path]\n           [-p | --paginate | -P | --no-pager] [--no-replace-objects] [--no-lazy-fetch]\n           [--no-optional-locks] [--no-advice] [--bare] [--git-dir=<path>]\n           [--work-tree=<path>] [--namespace=<name>] [--config-env=<name>=<envvar>]\n           <command> [<args>]\n\nThese are common Git commands used in various situations:\n\nstart a working area (see also: git help tutorial)\n   clone      Clone a repository into a new directory\n   init       Create an empty Git repository or reinitialize an existing one\n\nwork on the current change (see also: git help everyday)\n   add        Add file contents to the index\n   mv         Move or rename a file, a directory, or a symlink\n   restore    Restore working tree files\n   rm         Remove files from the working tree and from the index\n\nexamine the history and state (see also: git help revisions)\n   bisect     Use binary search to find the commit that introduced a bug\n   diff       Show changes between commits, commit and working tree, etc\n   grep       Print lines matching a pattern\n   log        Show commit logs\n   show       Show various types of objects\n   status     Show the working tree status\n\ngrow, mark and tweak your common history\n   backfill   Download missing objects in a partial clone\n   branch     List, create, or delete branches\n   commit     Record changes to the repository\n   merge      Join two or more development histories together\n   rebase     Reapply commits on top of another base tip\n   reset      Reset current HEAD to the specified state\n   switch     Switch branches\n   tag        Create, list, delete or verify a tag object signed with GPG\n\ncollaborate (see also: git help workflows)\n   fetch      Download objects and refs from another repository\n   pull       Fetch from and integrate with another repository or a local branch\n   push       Update remote refs along with associated objects\n\n'git help -a' and 'git help -g' list available subcommands and some\nconcept guides. See 'git help <command>' or 'git help <concept>'\nto read about a specific subcommand or concept.\nSee 'git help git' for an overview of the system.\n""
[0m22:15:49.010278 [debug] [MainThread]: STDERR: "b''"
[0m22:15:49.010278 [info ] [MainThread]:  - git [[32mOK found[0m]

[0m22:15:49.010278 [info ] [MainThread]: Connection:
[0m22:15:49.010278 [info ] [MainThread]:   account: FSEVUQW-JL24478
[0m22:15:49.010278 [info ] [MainThread]:   user: supratimnarzary
[0m22:15:49.010278 [info ] [MainThread]:   database: saas_analytics
[0m22:15:49.010278 [info ] [MainThread]:   warehouse: Analytics_wh
[0m22:15:49.020376 [info ] [MainThread]:   role: accountadmin
[0m22:15:49.022507 [info ] [MainThread]:   schema: raw
[0m22:15:49.023551 [info ] [MainThread]:   authenticator: None
[0m22:15:49.023966 [info ] [MainThread]:   oauth_client_id: None
[0m22:15:49.023966 [info ] [MainThread]:   query_tag: None
[0m22:15:49.028703 [info ] [MainThread]:   client_session_keep_alive: False
[0m22:15:49.028703 [info ] [MainThread]:   host: None
[0m22:15:49.030344 [info ] [MainThread]:   port: None
[0m22:15:49.032556 [info ] [MainThread]:   proxy_host: None
[0m22:15:49.034139 [info ] [MainThread]:   proxy_port: None
[0m22:15:49.035168 [info ] [MainThread]:   protocol: None
[0m22:15:49.035168 [info ] [MainThread]:   connect_retries: 1
[0m22:15:49.039430 [info ] [MainThread]:   connect_timeout: None
[0m22:15:49.042403 [info ] [MainThread]:   retry_on_database_errors: False
[0m22:15:49.045750 [info ] [MainThread]:   retry_all: False
[0m22:15:49.049304 [info ] [MainThread]:   insecure_mode: False
[0m22:15:49.053100 [info ] [MainThread]:   reuse_connections: True
[0m22:15:49.055624 [info ] [MainThread]:   s3_stage_vpce_dns_name: None
[0m22:15:49.060304 [info ] [MainThread]:   platform_detection_timeout_seconds: 0.0
[0m22:15:49.065694 [info ] [MainThread]: Registered adapter: snowflake=1.11.5
[0m22:15:49.582373 [debug] [MainThread]: Acquiring new snowflake connection 'debug'
[0m22:15:49.654521 [debug] [MainThread]: Using snowflake connection "debug"
[0m22:15:49.655692 [debug] [MainThread]: On debug: select 1 as id
[0m22:15:49.656467 [debug] [MainThread]: Opening a new connection, currently in state init
[0m22:15:50.924658 [debug] [MainThread]: SQL status: SUCCESS 1 in 1.271 seconds
[0m22:15:50.929913 [info ] [MainThread]:   Connection test: [[32mOK connection ok[0m]

[0m22:15:50.930433 [info ] [MainThread]: [31m1 check failed:[0m
[0m22:15:50.930433 [info ] [MainThread]: Project loading failed for the following reason:
 project path <C:\Users\chest\OneDrive\Documents\GitHub\saas-analytics-portfolio\dbt_project.yml> not found

[0m22:15:50.940160 [debug] [MainThread]: Command `dbt debug` failed at 22:15:50.939617 after 2.77 seconds
[0m22:15:50.941596 [debug] [MainThread]: Connection 'debug' was left open.
[0m22:15:50.941596 [debug] [MainThread]: On debug: Close
[0m22:15:51.126470 [debug] [MainThread]: Sending event: {'category': 'dbt', 'action': 'invocation', 'label': 'end', 'context': [<snowplow_tracker.self_describing_json.SelfDescribingJson object at 0x000001DA0941C910>, <snowplow_tracker.self_describing_json.SelfDescribingJson object at 0x000001DA02863750>, <snowplow_tracker.self_describing_json.SelfDescribingJson object at 0x000001DA0B610BD0>]}
[0m22:15:51.129948 [debug] [MainThread]: Flushing usage events
[0m22:15:51.978252 [debug] [MainThread]: An error was encountered while trying to flush usage events
{"data":{"log_version":3,"version":"=2.0.0-preview.177"},"info":{"category":"","code":"A001","extra":{},"invocation_id":"019e7c10-2ec0-7640-b155-5b1640bc024d","level":"info","msg":"Running with dbt-fusion=2.0.0-preview.177","name":"MainReportVersion","pid":68136,"thread":"tokio-rt-worker","ts":"2026-05-31T03:24:55.909641Z"}}
{"data":{"args":{"debug":"false","invocation_command":"C:\\Users\\chest\\.local\\bin\\dbt.exe license info --json --log-format json","log_format":"json","quiet":"false","write_json":"true"}},"info":{"category":"","code":"A002","extra":{},"invocation_id":"019e7c10-2ec0-7640-b155-5b1640bc024d","level":"debug","msg":"running dbt-fusion with arguments {\"command\":\"license\",\"vars\":\"{}\",\"limit\":\"10\",\"debug\":false,\"log_format\":\"json\",\"quiet\":false,\"write_json\":true,\"write_catalog\":false}","name":"MainReportArgs","pid":68136,"thread":"tokio-rt-worker","ts":"2026-05-31T03:24:55.909718Z"}}
{"data":{},"info":{"category":"","code":"","extra":{},"invocation_id":"019e7c10-2ec0-7640-b155-5b1640bc024d","level":"debug","msg":"No active cloud project configured, skipping remote license","name":"Generic","pid":68136,"thread":"tokio-rt-worker","ts":"2026-05-31T03:24:55.917924Z"}}
{"data":{"columns":[],"is_inline":true,"node_name":"license_info","output_format":"json","preview":"{\n  \"status\": \"not_found\",\n  \"licensing_enabled\": true\n}","unique_id":"license.info"},"info":{"category":"","code":"Q041","extra":{},"invocation_id":"019e7c10-2ec0-7640-b155-5b1640bc024d","level":"info","msg":"{\n  \"status\": \"not_found\",\n  \"licensing_enabled\": true\n}","name":"ShowNode","pid":68136,"thread":"tokio-rt-worker","ts":"2026-05-31T03:24:55.919440Z"}}
{"data":{"completed_at":"2026-05-31T03:24:56.759175Z","elapsed":0.8539527654647827,"success":true},"info":{"category":"","code":"Q039","extra":{},"invocation_id":"019e7c10-2ec0-7640-b155-5b1640bc024d","level":"info","msg":"\n==================== Execution Summary =====================\nFinished 'license' successfully [853ms]","name":"CommandCompleted","pid":68136,"thread":"tokio-rt-worker","ts":"2026-05-31T03:24:56.761457Z"}}
{"data":{"log_version":3,"version":"=2.0.0-preview.177"},"info":{"category":"","code":"A001","extra":{},"invocation_id":"019e7c4e-7c45-71d2-91af-2e0e0f3de77d","level":"info","msg":"Running with dbt-fusion=2.0.0-preview.177","name":"MainReportVersion","pid":84372,"thread":"tokio-rt-worker","ts":"2026-05-31T04:32:58.955396Z"}}
{"data":{"args":{"debug":"false","invocation_command":"C:\\Users\\chest\\.local\\bin\\dbt.exe license info --json --log-format json","log_format":"json","quiet":"false","write_json":"true"}},"info":{"category":"","code":"A002","extra":{},"invocation_id":"019e7c4e-7c45-71d2-91af-2e0e0f3de77d","level":"debug","msg":"running dbt-fusion with arguments {\"command\":\"license\",\"vars\":\"{}\",\"limit\":\"10\",\"debug\":false,\"log_format\":\"json\",\"quiet\":false,\"write_json\":true,\"write_catalog\":false}","name":"MainReportArgs","pid":84372,"thread":"tokio-rt-worker","ts":"2026-05-31T04:32:58.955533Z"}}
{"data":{},"info":{"category":"","code":"","extra":{},"invocation_id":"019e7c4e-7c45-71d2-91af-2e0e0f3de77d","level":"debug","msg":"No active cloud project configured, skipping remote license","name":"Generic","pid":84372,"thread":"tokio-rt-worker","ts":"2026-05-31T04:32:58.965087Z"}}
{"data":{"columns":[],"is_inline":true,"node_name":"license_info","output_format":"json","preview":"{\n  \"status\": \"not_found\",\n  \"licensing_enabled\": true\n}","unique_id":"license.info"},"info":{"category":"","code":"Q041","extra":{},"invocation_id":"019e7c4e-7c45-71d2-91af-2e0e0f3de77d","level":"info","msg":"{\n  \"status\": \"not_found\",\n  \"licensing_enabled\": true\n}","name":"ShowNode","pid":84372,"thread":"tokio-rt-worker","ts":"2026-05-31T04:32:58.966211Z"}}
{"data":{"completed_at":"2026-05-31T04:32:59.378611Z","elapsed":0.4237859845161438,"success":true},"info":{"category":"","code":"Q039","extra":{},"invocation_id":"019e7c4e-7c45-71d2-91af-2e0e0f3de77d","level":"info","msg":"\n==================== Execution Summary =====================\nFinished 'license' successfully [423ms]","name":"CommandCompleted","pid":84372,"thread":"tokio-rt-worker","ts":"2026-05-31T04:32:59.378808Z"}}
{"data":{"log_version":3,"version":"=2.0.0-preview.177"},"info":{"category":"","code":"A001","extra":{},"invocation_id":"019e7fe5-9f78-7912-9d2e-a2755a750fbc","level":"info","msg":"Running with dbt-fusion=2.0.0-preview.177","name":"MainReportVersion","pid":90136,"thread":"tokio-rt-worker","ts":"2026-05-31T21:16:55.575503Z"}}
{"data":{"args":{"debug":"false","invocation_command":"C:\\Users\\chest\\.local\\bin\\dbt.exe license info --json --log-format json","log_format":"json","quiet":"false","write_json":"true"}},"info":{"category":"","code":"A002","extra":{},"invocation_id":"019e7fe5-9f78-7912-9d2e-a2755a750fbc","level":"debug","msg":"running dbt-fusion with arguments {\"command\":\"license\",\"vars\":\"{}\",\"limit\":\"10\",\"debug\":false,\"log_format\":\"json\",\"quiet\":false,\"write_json\":true,\"write_catalog\":false}","name":"MainReportArgs","pid":90136,"thread":"tokio-rt-worker","ts":"2026-05-31T21:16:55.575536Z"}}
{"data":{},"info":{"category":"","code":"","extra":{},"invocation_id":"019e7fe5-9f78-7912-9d2e-a2755a750fbc","level":"debug","msg":"No active cloud project configured, skipping remote license","name":"Generic","pid":90136,"thread":"tokio-rt-worker","ts":"2026-05-31T21:16:55.588926Z"}}
{"data":{"columns":[],"is_inline":true,"node_name":"license_info","output_format":"json","preview":"{\n  \"status\": \"not_found\",\n  \"licensing_enabled\": true\n}","unique_id":"license.info"},"info":{"category":"","code":"Q041","extra":{},"invocation_id":"019e7fe5-9f78-7912-9d2e-a2755a750fbc","level":"info","msg":"{\n  \"status\": \"not_found\",\n  \"licensing_enabled\": true\n}","name":"ShowNode","pid":90136,"thread":"tokio-rt-worker","ts":"2026-05-31T21:16:55.590534Z"}}
{"data":{"completed_at":"2026-05-31T21:16:56.222119Z","elapsed":0.6489802002906799,"success":true},"info":{"category":"","code":"Q039","extra":{},"invocation_id":"019e7fe5-9f78-7912-9d2e-a2755a750fbc","level":"info","msg":"\n==================== Execution Summary =====================\nFinished 'license' successfully [648ms]","name":"CommandCompleted","pid":90136,"thread":"tokio-rt-worker","ts":"2026-05-31T21:16:56.224582Z"}}
